# Generated with pipelinit 0.4.0
# https://pipelinit.com/
lint:
  stage: lint
  image: python:3.8
  needs: []
  script:
    - python -m pip install pipenv; pipenv install --dev
    # Adapts Flake8 to run with the Black formatter, using the '--ignore' flag to skip incompatibilities errors
    # Reference: https://black.readthedocs.io/en/stable/guides/using_black_with_other_tools.html?highlight=other%20tools#id1
    - pipenv run flake8 --ignore E203,E501,W503 .
  only:
    refs:
      - merge_requests
    changes:
      - "**/*.py"
