# Generated with pipelinit 0.4.0
# https://pipelinit.com/
test:
  stage: python-test
  image: python:3.8
  needs: ["format", "lint", "bandit", "semgrep"]
  only:
    refs:
      - merge_requests
    changes:
      - "**/*.py"
  script:
    - python -m pip install pipenv; pipenv install --dev
    - python manage.py test
