# Generated with pipelinit 0.4.0
# https://pipelinit.com/
format:
  stage: format
  image: python:3.8
  needs: []
  script:
    - python -m pip install pipenv; pipenv install --system --dev
    - python -m pip install pip black
    - pipenv run black . --check
    - pipenv run isort . -c
  only:
    refs:
      - merge_requests
    changes:
      - "**/*.py"
