# Generated with pipelinit 0.3.0
# https://pipelinit.com/
semgrep:
  stage: sast
  image: returntocorp/semgrep-agent:v1
  needs: ["format", "lint"]
  only:
    refs:
      - merge_requests
    changes:
      - "**/*.py"
  script: semgrep-agent
  variables:
    SEMGREP_RULES: >-
      p/owasp-top-ten

bandit:
  stage: sast
  image: python:3.8
  needs: ["format", "lint"]
  script:
    - python -m pip install pipenv; pipenv install --dev
    - pipenv run bandit -r .
  only:
    refs:
      - merge_requests
    changes:
      - "**/*.py"
