# Generated with pipelinit 0.3.0
# https://pipelinit.com/
name: Lint Ruby
on:
  pull_request:
    paths:
      - "**.rb"
jobs:
  lint:
    runs-on: ubuntu-latest
    steps:
      - uses: actions/checkout@v2
      - name: Setup Ruby
        uses: ruby/setup-ruby@v1
        with:
          ruby-version: "2.5.0"
          bundler-cache: true
      - run: bundle exec rubocop --lint .
