# Generated with pipelinit 0.4.0
# https://pipelinit.com/
format:
  stage: format
  image: python:3.6.10
  needs: []
  script:
    - pip install -r requirements.txt
    - python -m pip install pip black
    - black . --check
    - isort . -c
  only:
    refs:
      - merge_requests
    changes:
      - "**/*.py"
