# Generated with pipelinit 0.4.0
# https://pipelinit.com/
semgrep:
  stage: python-sast
  image: returntocorp/semgrep-agent:v1
  needs: ["format", "lint"]
  only:
    refs:
      - merge_requests
    changes:
      - "**/*.py"
  script: semgrep-agent
  variables:
    SEMGREP_RULES: >-
      p/owasp-top-ten

bandit:
  stage: python-sast
  image: python:3.6.10
  needs: ["format", "lint"]
  script:
    - pip install -r requirements.txt
    - bandit -r .
  only:
    refs:
      - merge_requests
    changes:
      - "**/*.py"
