# Generated with pipelinit 0.3.0
# https://pipelinit.com/
test:
  stage: test
  image: python:3.6.10
  needs: ["format", "lint", "bandit", "semgrep"]
  only:
    refs:
      - merge_requests
    changes:
      - "**/*.py"
  script:
    - pip install -r requirements.txt
    - python manage.py test
