# Generated with pipelinit 0.4.0
# https://pipelinit.com/
name: SAST Python
on:
  pull_request:
    paths:
      - "**.py"
jobs:
  semgrep:
    name: Scan
    runs-on: ubuntu-latest
    steps:
      - uses: actions/checkout@v2
      - uses: returntocorp/semgrep-action@v1
        with:
          config: >-
            p/owasp-top-ten
