# Generated with pipelinit 0.2.2
# https://pipelinit.com/
name: Format JavaScript
on:
  pull_request:
    paths:
      - '**.js'
      - '**.ts'
jobs:
  format:
    runs-on: ubuntu-latest
    steps:
      - uses: actions/checkout@v2
      - uses: actions/setup-node@v2
        with:
          node-version: '16'
          cache: 'yarn'
      - run: yarn
      - run: npx prettier --no-error-on-unmatched-pattern --check "**/*.js" "**/*.ts"
      