# Generated with pipelinit 0.4.0
# https://pipelinit.com/
name: Lint Vue
on:
  pull_request:
    paths:
      - '**.vue'
jobs:
  lint:
    runs-on: ubuntu-latest
    steps:
      - uses: actions/checkout@v2
      - uses: actions/setup-node@v2
        with:
          node-version: '16'
          cache: 'yarn'
      - run: yarn
      - run: npx eslint --ext .vue .
      